// Jest Snapshot v1, https://goo.gl/fbAQLP

exports[`Courses E2E GET-REQUESTS of CourseController (e2e) (GET) /courses/{courseId} Retrieves the course 1`] = `
Object {
  "admissionCriteria": Object {
    "rules": Array [
      Object {
        "achievedPercentRounding": Object {
          "type": "UP_NEAREST_INTEGER",
        },
        "assignmentType": "HOMEWORK",
        "requiredPercent": 50,
        "type": "REQUIRED_PERCENT_OVERALL",
      },
      Object {
        "achievedPercentRounding": Object {
          "decimals": 0,
          "type": "DECIMALS",
        },
        "assignmentType": "TESTAT",
        "requiredPercent": 50,
        "type": "REQUIRED_PERCENT_OVERALL",
      },
      Object {
        "achievedPercentRounding": Object {
          "type": "NONE",
        },
        "allowedFailures": 2,
        "assignmentType": "HOMEWORK",
        "requiredPercent": 50,
        "type": "INDIVIDUAL_PERCENT_WITH_ALLOWED_FAILURES",
      },
    ],
  },
  "groupSettings": Object {
    "allowGroups": true,
    "autoJoinGroupOnCourseJoined": true,
    "mergeGroupsOnAssignmentStarted": true,
    "selfmanaged": true,
    "sizeMax": 3,
    "sizeMin": 2,
  },
  "id": "java-wise1920",
  "isClosed": false,
  "links": Array [
    Object {
      "name": "Example URL",
      "url": "http://example-url.com",
    },
  ],
  "semester": "wise1920",
  "shortname": "java",
  "title": "Programmierpraktikum I: Java",
}
`;
